--------- beginning of main
09-12 20:44:51.316   679   679 I Zygote  : Process 679 created for dev.matterweave.explorer
09-12 20:44:51.316   679   679 I rweave.explorer: Late-enabling -Xcheck:jni
09-12 20:44:51.332   679   679 I rweave.explorer: Using CollectorTypeCMC GC.
09-12 20:44:51.336   679   679 D nativeloader: Load libframework-connectivity-tiramisu-jni.so using APEX ns com_android_tethering for caller /apex/com.android.tethering/javalib/framework-connectivity-t.jar: ok
09-12 20:44:51.349   679   679 W System  : ClassLoader referenced unknown path: 
09-12 20:44:51.350   679   679 D nativeloader: Configuring clns-9 for other apk . target_sdk_version=35, uses_libraries=, library_path=/data/app/~~meEImViifZr6dMEq0JRf-Q==/dev.matterweave.explorer-oDpMqvsGfYzdoBLU0iFIig==/lib/arm64:/data/app/~~meEImViifZr6dMEq0JRf-Q==/dev.matterweave.explorer-oDpMqvsGfYzdoBLU0iFIig==/base.apk!/lib/arm64-v8a, permitted_path=/data:/mnt/expand:/data/user/0/dev.matterweave.explorer
09-12 20:44:51.353   679   679 V GraphicsEnvironment: Currently set values for:
09-12 20:44:51.353   679   679 V GraphicsEnvironment:   angle_gl_driver_selection_pkgs=[]
09-12 20:44:51.353   679   679 V GraphicsEnvironment:   angle_gl_driver_selection_values=[]
09-12 20:44:51.353   679   679 V GraphicsEnvironment: dev.matterweave.explorer is not listed in per-application setting
09-12 20:44:51.353   679   679 V GraphicsEnvironment: ANGLE allowlist from config: 
09-12 20:44:51.353   679   679 V GraphicsEnvironment: No special selections for ANGLE, returning default driver choice
09-12 20:44:51.353   679   679 V GraphicsEnvironment: Neither updatable production driver nor prerelease driver is supported.
09-12 20:44:51.353   679   679 D CompatChangeReporter: Compat change id reported: 202956589; UID 10223; state: ENABLED
--------- beginning of system
09-12 20:44:51.358   679   695 I DisplayManager: Choreographer implicitly registered for the refresh rate.
09-12 20:44:51.359   679   695 D vulkan  : searching for layers in '/data/app/~~meEImViifZr6dMEq0JRf-Q==/dev.matterweave.explorer-oDpMqvsGfYzdoBLU0iFIig==/lib/arm64'
09-12 20:44:51.359   679   695 D vulkan  : searching for layers in '/data/app/~~meEImViifZr6dMEq0JRf-Q==/dev.matterweave.explorer-oDpMqvsGfYzdoBLU0iFIig==/base.apk!/lib/arm64-v8a'
09-12 20:44:51.361   679   679 E ashmem  : Pinning is deprecated since Android Q. Please use trim or other methods.
09-12 20:44:51.363   679   695 I AdrenoVK-0: ===== BEGIN DUMP OF OVERRIDDEN SETTINGS =====
09-12 20:44:51.363   679   695 I AdrenoVK-0: ===== END DUMP OF OVERRIDDEN SETTINGS =====
09-12 20:44:51.365   679   695 D qdgralloc: Fetching IMapper5 from QtiMapper5
09-12 20:44:51.366   679   679 D CompatChangeReporter: Compat change id reported: 309578419; UID 10223; state: ENABLED
09-12 20:44:51.366   679   679 D DesktopExperienceFlags: Toggle override initialized to: false
09-12 20:44:51.366   679   679 D DesktopModeFlags: Toggle override initialized to: OVERRIDE_UNSET
09-12 20:44:51.370   679   695 I SnapAlloc: Graphics lib is available
09-12 20:44:51.371   679   679 D nativeloader: Load /data/app/~~meEImViifZr6dMEq0JRf-Q==/dev.matterweave.explorer-oDpMqvsGfYzdoBLU0iFIig==/base.apk!/lib/arm64-v8a/libmatterweave_explorer.so using class loader ns clns-9 (caller=<unknown>): ok
09-12 20:44:51.374   679   695 I Adreno-UNKNOWN: Using previously loaded IMapper library.
09-12 20:44:51.376   679   695 I AdrenoVK-0: QUALCOMM build          : a97e8c1cc4, I1c372a512c
09-12 20:44:51.376   679   695 I AdrenoVK-0: Build Date              : 05/08/26
09-12 20:44:51.376   679   695 I AdrenoVK-0: Shader Compiler Version : E031.47.18.51
09-12 20:44:51.376   679   695 I AdrenoVK-0: Local Branch            : 
09-12 20:44:51.376   679   695 I AdrenoVK-0: Remote Branch           : refs/tags/AU_LINUX_ANDROID_LA.VENDOR.15.4.0.11.00.00.1088.862
09-12 20:44:51.376   679   695 I AdrenoVK-0: Remote Branch           : NONE
09-12 20:44:51.376   679   695 I AdrenoVK-0: Reconstruct Branch      : NOTHING
09-12 20:44:51.376   679   695 I AdrenoVK-0: Build Config            : S P 18.0.0 AArch64
09-12 20:44:51.376   679   695 I AdrenoVK-0: Driver Path             : /vendor/lib64/hw/vulkan.adreno.so
09-12 20:44:51.376   679   695 I AdrenoVK-0: Driver Version          : 0800.74
09-12 20:44:51.376   679   695 I AdrenoVK-0: PFP                     : 0x01500081
09-12 20:44:51.376   679   695 I AdrenoVK-0: ME                      : 0x01500022
09-12 20:44:51.376   679   695 I AdrenoVK-0: Application Name    : android framework
09-12 20:44:51.376   679   695 I AdrenoVK-0: Process Name        : dev.matterweave.explorer
09-12 20:44:51.376   679   695 I AdrenoVK-0: Application Version : 0x00000000
09-12 20:44:51.376   679   695 I AdrenoVK-0: Engine Name         : android framework
09-12 20:44:51.376   679   695 I AdrenoVK-0: Engine Version      : 0x00000000
09-12 20:44:51.376   679   695 I AdrenoVK-0: Api Version         : 0x00401000
09-12 20:44:51.380   679   679 D CompatChangeReporter: Compat change id reported: 349153669; UID 10223; state: ENABLED
09-12 20:44:51.381   679   679 D InsetsController: Setting requestedVisibleTypes to 498 (was 503)
09-12 20:44:51.386   679   679 D VRI[NativeActivity]: WindowInsets changed: 3168x1440 statusBars:[0,98,0,0] mandatorySystemGestures:[0,98,0,112] 
09-12 20:44:51.386   679   679 D WindowOnBackDispatcher: setTopOnBackInvokedCallback (unwrapped): android.view.ViewRootImpl$$ExternalSyntheticLambda12@4f05d88
09-12 20:44:51.389   679   679 D VRI[NativeActivity]: WindowInsets changed: statusBars:null 
09-12 20:44:51.390   679   698 I Adreno-UNKNOWN: Using previously loaded IMapper library.
09-12 20:44:51.392   679   698 I Adreno-UNKNOWN: Using previously loaded IMapper library.
09-12 20:44:51.395   679   698 I AdrenoVK-0: QUALCOMM build          : a97e8c1cc4, I1c372a512c
09-12 20:44:51.395   679   698 I AdrenoVK-0: Build Date              : 05/08/26
09-12 20:44:51.395   679   698 I AdrenoVK-0: Shader Compiler Version : E031.47.18.51
09-12 20:44:51.395   679   698 I AdrenoVK-0: Local Branch            : 
09-12 20:44:51.395   679   698 I AdrenoVK-0: Remote Branch           : refs/tags/AU_LINUX_ANDROID_LA.VENDOR.15.4.0.11.00.00.1088.862
09-12 20:44:51.395   679   698 I AdrenoVK-0: Remote Branch           : NONE
09-12 20:44:51.395   679   698 I AdrenoVK-0: Reconstruct Branch      : NOTHING
09-12 20:44:51.395   679   698 I AdrenoVK-0: Build Config            : S P 18.0.0 AArch64
09-12 20:44:51.395   679   698 I AdrenoVK-0: Driver Path             : /vendor/lib64/hw/vulkan.adreno.so
09-12 20:44:51.395   679   698 I AdrenoVK-0: Driver Version          : 0800.74
09-12 20:44:51.395   679   698 I AdrenoVK-0: PFP                     : 0x01500081
09-12 20:44:51.395   679   698 I AdrenoVK-0: ME                      : 0x01500022
09-12 20:44:51.395   679   698 I AdrenoVK-0: Application Name    : Matterweave Explorer
09-12 20:44:51.395   679   698 I AdrenoVK-0: Process Name        : dev.matterweave.explorer
09-12 20:44:51.395   679   698 I AdrenoVK-0: Application Version : 0x00000001
09-12 20:44:51.395   679   698 I AdrenoVK-0: Engine Name         : Matterweave
09-12 20:44:51.395   679   698 I AdrenoVK-0: Engine Version      : 0x00000001
09-12 20:44:51.395   679   698 I AdrenoVK-0: Api Version         : 0x00401000
09-12 20:44:51.415   679   698 I Matterweave: matterweave_explorer::destruction_check: renderer epoch 1: capabilities: Vulkan 1.3.284 | Adreno (TM) 830 | driver 2150760522 | vendor 5143 device 44050001 | heaps 15107MiB:DEVICE_LOCAL,4095MiB:DEVICE_LOCAL | validation false
09-12 20:44:51.416   679   698 I Matterweave: matterweave_explorer::destruction_check: phase=0 source bodies=6 welds=2 colliders=23 voxels=64 mass_kg=24.000 mesh_boxes=6
09-12 20:44:51.417   679   698 I AdrenoUtils: <ReadGpuID:366>: Reading chip ID through GSL
09-12 20:44:51.421   679   679 D InsetsController: hide(ime())
09-12 20:44:51.422   679   679 I ImeTracker: dev.matterweave.explorer:ef2f88d1: onCancelled at PHASE_CLIENT_ALREADY_HIDDEN
09-12 20:44:51.788   679   705 W InteractionJankMonitor: Initializing without READ_DEVICE_CONFIG permission. enabled=false, interval=1, missedFrameThreshold=3, frameTimeThreshold=64, package=dev.matterweave.explorer
09-12 20:44:52.396   679   698 I Matterweave: matterweave_explorer::destruction_check: phase=0 source drawn=60 frames uploads=59 rebuilds=58 mesh_boxes=6 bodies=6 constraints=2 colliders=23
09-12 20:44:52.417   679   698 I Matterweave: matterweave_explorer::destruction_check: phase=1 loose-fracture bodies=27 welds=2 colliders=44 mesh_boxes=27 simulated_steps=30
09-12 20:44:53.391   679   698 I Matterweave: matterweave_explorer::destruction_check: phase=1 loose-fracture drawn=60 frames uploads=60 rebuilds=60 mesh_boxes=27 bodies=27 constraints=2 colliders=44
09-12 20:44:53.422   679   698 I Matterweave: matterweave_explorer::destruction_check: phase=2 full-fracture-64 bodies=64 welds=0 colliders=81 unit_pieces=true mass_kg=24.000 retained_bytes=90384 mesh_boxes=64 simulated_steps=30
09-12 20:44:54.387   679   698 I Matterweave: matterweave_explorer::destruction_check: phase=2 full-fracture-64 drawn=60 frames uploads=60 rebuilds=60 mesh_boxes=64 bodies=64 constraints=0 colliders=81
09-12 20:44:54.420   679   698 I Matterweave: matterweave_explorer::destruction_check: phase=3 serialize-reload json_bytes=16198 decoded_equal=true reloaded_bodies=64 reloaded_welds=0 reloaded_colliders=81 baseline_bodies=6 baseline_welds=2 mesh_boxes=64
09-12 20:44:55.381   679   698 I Matterweave: matterweave_explorer::destruction_check: phase=3 serialize-reload drawn=60 frames uploads=60 rebuilds=60 mesh_boxes=64 bodies=64 constraints=0 colliders=81
09-12 20:44:55.405   679   698 I Adreno-UNKNOWN: Using previously loaded IMapper library.
09-12 20:44:55.411   679   698 I Adreno-UNKNOWN: Using previously loaded IMapper library.
09-12 20:44:55.415   679   698 I AdrenoVK-0: QUALCOMM build          : a97e8c1cc4, I1c372a512c
09-12 20:44:55.415   679   698 I AdrenoVK-0: Build Date              : 05/08/26
09-12 20:44:55.415   679   698 I AdrenoVK-0: Shader Compiler Version : E031.47.18.51
09-12 20:44:55.415   679   698 I AdrenoVK-0: Local Branch            : 
09-12 20:44:55.415   679   698 I AdrenoVK-0: Remote Branch           : refs/tags/AU_LINUX_ANDROID_LA.VENDOR.15.4.0.11.00.00.1088.862
09-12 20:44:55.415   679   698 I AdrenoVK-0: Remote Branch           : NONE
09-12 20:44:55.415   679   698 I AdrenoVK-0: Reconstruct Branch      : NOTHING
09-12 20:44:55.415   679   698 I AdrenoVK-0: Build Config            : S P 18.0.0 AArch64
09-12 20:44:55.415   679   698 I AdrenoVK-0: Driver Path             : /vendor/lib64/hw/vulkan.adreno.so
09-12 20:44:55.415   679   698 I AdrenoVK-0: Driver Version          : 0800.74
09-12 20:44:55.415   679   698 I AdrenoVK-0: PFP                     : 0x01500081
09-12 20:44:55.415   679   698 I AdrenoVK-0: ME                      : 0x01500022
09-12 20:44:55.415   679   698 I AdrenoVK-0: Application Name    : Matterweave Explorer
09-12 20:44:55.415   679   698 I AdrenoVK-0: Process Name        : dev.matterweave.explorer
09-12 20:44:55.415   679   698 I AdrenoVK-0: Application Version : 0x00000001
09-12 20:44:55.415   679   698 I AdrenoVK-0: Engine Name         : Matterweave
09-12 20:44:55.415   679   698 I AdrenoVK-0: Engine Version      : 0x00000001
09-12 20:44:55.415   679   698 I AdrenoVK-0: Api Version         : 0x00401000
09-12 20:44:55.433   679   698 I Matterweave: matterweave_explorer::destruction_check: renderer epoch 2: capabilities: Vulkan 1.3.284 | Adreno (TM) 830 | driver 2150760522 | vendor 5143 device 44050001 | heaps 15107MiB:DEVICE_LOCAL,4095MiB:DEVICE_LOCAL | validation false
09-12 20:44:55.433   679   698 I Matterweave: matterweave_explorer::destruction_check: zero-extent=Retry (no frame presented at zero size)
09-12 20:44:55.433   679   698 I Matterweave: matterweave_explorer::destruction_check: phase=4 lifecycle-recreate internal_recreations=1 renderer_epoch=2 (internal recreation, not an Android HOME/RESUME event); dynamic mesh re-uploaded
09-12 20:44:56.033   679   679 D VRI[NativeActivity]: visibilityChanged oldVisibility=true newVisibility=false
09-12 20:44:56.070   679   698 I Matterweave: matterweave_explorer::destruction_check: platform-suspended (Android HOME/RESUME): renderer released; phase 4 lifecycle-recreate simulation and presentation progress preserved
09-12 20:44:56.077   679   679 D ViewRootImpl: Skipping stats log for color mode
09-12 20:44:58.879   679   679 D ViewRootImpl: Skipping stats log for color mode
09-12 20:44:58.898   679   698 I Adreno-UNKNOWN: Using previously loaded IMapper library.
09-12 20:44:58.901   679   698 I Adreno-UNKNOWN: Using previously loaded IMapper library.
09-12 20:44:58.904   679   698 I AdrenoVK-0: QUALCOMM build          : a97e8c1cc4, I1c372a512c
09-12 20:44:58.904   679   698 I AdrenoVK-0: Build Date              : 05/08/26
09-12 20:44:58.904   679   698 I AdrenoVK-0: Shader Compiler Version : E031.47.18.51
09-12 20:44:58.904   679   698 I AdrenoVK-0: Local Branch            : 
09-12 20:44:58.904   679   698 I AdrenoVK-0: Remote Branch           : refs/tags/AU_LINUX_ANDROID_LA.VENDOR.15.4.0.11.00.00.1088.862
09-12 20:44:58.904   679   698 I AdrenoVK-0: Remote Branch           : NONE
09-12 20:44:58.904   679   698 I AdrenoVK-0: Reconstruct Branch      : NOTHING
09-12 20:44:58.904   679   698 I AdrenoVK-0: Build Config            : S P 18.0.0 AArch64
09-12 20:44:58.904   679   698 I AdrenoVK-0: Driver Path             : /vendor/lib64/hw/vulkan.adreno.so
09-12 20:44:58.904   679   698 I AdrenoVK-0: Driver Version          : 0800.74
09-12 20:44:58.904   679   698 I AdrenoVK-0: PFP                     : 0x01500081
09-12 20:44:58.904   679   698 I AdrenoVK-0: ME                      : 0x01500022
09-12 20:44:58.904   679   698 I AdrenoVK-0: Application Name    : Matterweave Explorer
09-12 20:44:58.904   679   698 I AdrenoVK-0: Process Name        : dev.matterweave.explorer
09-12 20:44:58.904   679   698 I AdrenoVK-0: Application Version : 0x00000001
09-12 20:44:58.904   679   698 I AdrenoVK-0: Engine Name         : Matterweave
09-12 20:44:58.904   679   698 I AdrenoVK-0: Engine Version      : 0x00000001
09-12 20:44:58.904   679   698 I AdrenoVK-0: Api Version         : 0x00401000
09-12 20:44:58.921   679   698 I Matterweave: matterweave_explorer::destruction_check: renderer epoch 3: capabilities: Vulkan 1.3.284 | Adreno (TM) 830 | driver 2150760522 | vendor 5143 device 44050001 | heaps 15107MiB:DEVICE_LOCAL,4095MiB:DEVICE_LOCAL | validation false
09-12 20:44:58.921   679   698 I Matterweave: matterweave_explorer::destruction_check: platform-resumed (Android HOME/RESUME): renderer recreated; phase 4 lifecycle-recreate simulation and presentation progress preserved
09-12 20:44:58.929   679   679 D InsetsController: hide(ime())
09-12 20:44:58.929   679   679 I ImeTracker: dev.matterweave.explorer:e3fea5fd: onCancelled at PHASE_CLIENT_ALREADY_HIDDEN
09-12 20:44:59.593   679   698 I Matterweave: matterweave_explorer::destruction_check: phase=4 lifecycle-recreate drawn=60 frames uploads=60 rebuilds=60 mesh_boxes=64 bodies=64 constraints=0 colliders=81
09-12 20:44:59.618   679   698 I Matterweave: matterweave_explorer::destruction_check: phase=5 reset-cycle-00 reset_bodies=6 reset_welds=2 reset_colliders=23 reset_mesh_boxes=6 fractured_bodies=64 fractured_welds=0 fractured_colliders=81 fractured_mass_kg=24.000 fractured_mesh_boxes=64 retained_bytes=92160 simulated_steps=30
09-12 20:45:00.587   679   698 I Matterweave: matterweave_explorer::destruction_check: phase=5 reset-cycle-00 drawn=60 frames uploads=61 rebuilds=61 mesh_boxes=64 bodies=64 constraints=0 colliders=81
09-12 20:45:00.617   679   698 I Matterweave: matterweave_explorer::destruction_check: phase=6 reset-cycle-01 reset_bodies=6 reset_welds=2 reset_colliders=23 reset_mesh_boxes=6 fractured_bodies=64 fractured_welds=0 fractured_colliders=81 fractured_mass_kg=24.000 fractured_mesh_boxes=64 retained_bytes=92160 simulated_steps=30
09-12 20:45:01.582   679   698 I Matterweave: matterweave_explorer::destruction_check: phase=6 reset-cycle-01 drawn=60 frames uploads=61 rebuilds=61 mesh_boxes=64 bodies=64 constraints=0 colliders=81
09-12 20:45:01.614   679   698 I Matterweave: matterweave_explorer::destruction_check: phase=7 reset-cycle-02 reset_bodies=6 reset_welds=2 reset_colliders=23 reset_mesh_boxes=6 fractured_bodies=64 fractured_welds=0 fractured_colliders=81 fractured_mass_kg=24.000 fractured_mesh_boxes=64 retained_bytes=92160 simulated_steps=30
09-12 20:45:02.577   679   698 I Matterweave: matterweave_explorer::destruction_check: phase=7 reset-cycle-02 drawn=60 frames uploads=61 rebuilds=61 mesh_boxes=64 bodies=64 constraints=0 colliders=81
09-12 20:45:02.607   679   698 I Matterweave: matterweave_explorer::destruction_check: phase=8 reset-cycle-03 reset_bodies=6 reset_welds=2 reset_colliders=23 reset_mesh_boxes=6 fractured_bodies=64 fractured_welds=0 fractured_colliders=81 fractured_mass_kg=24.000 fractured_mesh_boxes=64 retained_bytes=92160 simulated_steps=30
09-12 20:45:03.571   679   698 I Matterweave: matterweave_explorer::destruction_check: phase=8 reset-cycle-03 drawn=60 frames uploads=61 rebuilds=61 mesh_boxes=64 bodies=64 constraints=0 colliders=81
09-12 20:45:03.600   679   698 I Matterweave: matterweave_explorer::destruction_check: phase=9 reset-cycle-04 reset_bodies=6 reset_welds=2 reset_colliders=23 reset_mesh_boxes=6 fractured_bodies=64 fractured_welds=0 fractured_colliders=81 fractured_mass_kg=24.000 fractured_mesh_boxes=64 retained_bytes=92160 simulated_steps=30
09-12 20:45:04.566   679   698 I Matterweave: matterweave_explorer::destruction_check: phase=9 reset-cycle-04 drawn=60 frames uploads=61 rebuilds=61 mesh_boxes=64 bodies=64 constraints=0 colliders=81
09-12 20:45:04.593   679   698 I Matterweave: matterweave_explorer::destruction_check: phase=10 reset-cycle-05 reset_bodies=6 reset_welds=2 reset_colliders=23 reset_mesh_boxes=6 fractured_bodies=64 fractured_welds=0 fractured_colliders=81 fractured_mass_kg=24.000 fractured_mesh_boxes=64 retained_bytes=92160 simulated_steps=30
09-12 20:45:05.561   679   698 I Matterweave: matterweave_explorer::destruction_check: phase=10 reset-cycle-05 drawn=60 frames uploads=61 rebuilds=61 mesh_boxes=64 bodies=64 constraints=0 colliders=81
09-12 20:45:05.593   679   698 I Matterweave: matterweave_explorer::destruction_check: phase=11 reset-cycle-06 reset_bodies=6 reset_welds=2 reset_colliders=23 reset_mesh_boxes=6 fractured_bodies=64 fractured_welds=0 fractured_colliders=81 fractured_mass_kg=24.000 fractured_mesh_boxes=64 retained_bytes=92160 simulated_steps=30
09-12 20:45:06.555   679   698 I Matterweave: matterweave_explorer::destruction_check: phase=11 reset-cycle-06 drawn=60 frames uploads=61 rebuilds=61 mesh_boxes=64 bodies=64 constraints=0 colliders=81
09-12 20:45:06.589   679   698 I Matterweave: matterweave_explorer::destruction_check: phase=12 reset-cycle-07 reset_bodies=6 reset_welds=2 reset_colliders=23 reset_mesh_boxes=6 fractured_bodies=64 fractured_welds=0 fractured_colliders=81 fractured_mass_kg=24.000 fractured_mesh_boxes=64 retained_bytes=92160 simulated_steps=30
09-12 20:45:07.550   679   698 I Matterweave: matterweave_explorer::destruction_check: phase=12 reset-cycle-07 drawn=60 frames uploads=61 rebuilds=61 mesh_boxes=64 bodies=64 constraints=0 colliders=81
09-12 20:45:07.573   679   698 I Matterweave: matterweave_explorer::destruction_check: phase=13 reset-cycle-08 reset_bodies=6 reset_welds=2 reset_colliders=23 reset_mesh_boxes=6 fractured_bodies=64 fractured_welds=0 fractured_colliders=81 fractured_mass_kg=24.000 fractured_mesh_boxes=64 retained_bytes=92160 simulated_steps=30
09-12 20:45:08.545   679   698 I Matterweave: matterweave_explorer::destruction_check: phase=13 reset-cycle-08 drawn=60 frames uploads=61 rebuilds=61 mesh_boxes=64 bodies=64 constraints=0 colliders=81
09-12 20:45:08.575   679   698 I Matterweave: matterweave_explorer::destruction_check: phase=14 reset-cycle-09 reset_bodies=6 reset_welds=2 reset_colliders=23 reset_mesh_boxes=6 fractured_bodies=64 fractured_welds=0 fractured_colliders=81 fractured_mass_kg=24.000 fractured_mesh_boxes=64 retained_bytes=92160 simulated_steps=30
09-12 20:45:09.539   679   698 I Matterweave: matterweave_explorer::destruction_check: phase=14 reset-cycle-09 drawn=60 frames uploads=61 rebuilds=61 mesh_boxes=64 bodies=64 constraints=0 colliders=81
09-12 20:45:09.567   679   698 I Matterweave: matterweave_explorer::destruction_check: phase=15 reset-cycle-10 reset_bodies=6 reset_welds=2 reset_colliders=23 reset_mesh_boxes=6 fractured_bodies=64 fractured_welds=0 fractured_colliders=81 fractured_mass_kg=24.000 fractured_mesh_boxes=64 retained_bytes=92160 simulated_steps=30
09-12 20:45:10.532   679   698 I Matterweave: matterweave_explorer::destruction_check: phase=15 reset-cycle-10 drawn=60 frames uploads=61 rebuilds=61 mesh_boxes=64 bodies=64 constraints=0 colliders=81
09-12 20:45:10.549   679   698 I Matterweave: matterweave_explorer::destruction_check: phase=16 reset-cycle-11 reset_bodies=6 reset_welds=2 reset_colliders=23 reset_mesh_boxes=6 fractured_bodies=64 fractured_welds=0 fractured_colliders=81 fractured_mass_kg=24.000 fractured_mesh_boxes=64 retained_bytes=92160 simulated_steps=30
09-12 20:45:11.526   679   698 I Matterweave: matterweave_explorer::destruction_check: phase=16 reset-cycle-11 drawn=60 frames uploads=61 rebuilds=61 mesh_boxes=64 bodies=64 constraints=0 colliders=81
09-12 20:45:11.537   679   698 I Matterweave: matterweave_explorer::destruction_check: phase=17 reset-cycle-12 reset_bodies=6 reset_welds=2 reset_colliders=23 reset_mesh_boxes=6 fractured_bodies=64 fractured_welds=0 fractured_colliders=81 fractured_mass_kg=24.000 fractured_mesh_boxes=64 retained_bytes=92160 simulated_steps=30
09-12 20:45:12.523   679   698 I Matterweave: matterweave_explorer::destruction_check: phase=17 reset-cycle-12 drawn=60 frames uploads=61 rebuilds=61 mesh_boxes=64 bodies=64 constraints=0 colliders=81
09-12 20:45:12.548   679   698 I Matterweave: matterweave_explorer::destruction_check: phase=18 reset-cycle-13 reset_bodies=6 reset_welds=2 reset_colliders=23 reset_mesh_boxes=6 fractured_bodies=64 fractured_welds=0 fractured_colliders=81 fractured_mass_kg=24.000 fractured_mesh_boxes=64 retained_bytes=92160 simulated_steps=30
09-12 20:45:13.518   679   698 I Matterweave: matterweave_explorer::destruction_check: phase=18 reset-cycle-13 drawn=60 frames uploads=61 rebuilds=61 mesh_boxes=64 bodies=64 constraints=0 colliders=81
09-12 20:45:13.550   679   698 I Matterweave: matterweave_explorer::destruction_check: phase=19 reset-cycle-14 reset_bodies=6 reset_welds=2 reset_colliders=23 reset_mesh_boxes=6 fractured_bodies=64 fractured_welds=0 fractured_colliders=81 fractured_mass_kg=24.000 fractured_mesh_boxes=64 retained_bytes=92160 simulated_steps=30
09-12 20:45:14.513   679   698 I Matterweave: matterweave_explorer::destruction_check: phase=19 reset-cycle-14 drawn=60 frames uploads=61 rebuilds=61 mesh_boxes=64 bodies=64 constraints=0 colliders=81
09-12 20:45:14.543   679   698 I Matterweave: matterweave_explorer::destruction_check: phase=20 reset-cycle-15 reset_bodies=6 reset_welds=2 reset_colliders=23 reset_mesh_boxes=6 fractured_bodies=64 fractured_welds=0 fractured_colliders=81 fractured_mass_kg=24.000 fractured_mesh_boxes=64 retained_bytes=92160 simulated_steps=30
09-12 20:45:15.507   679   698 I Matterweave: matterweave_explorer::destruction_check: phase=20 reset-cycle-15 drawn=60 frames uploads=61 rebuilds=61 mesh_boxes=64 bodies=64 constraints=0 colliders=81
09-12 20:45:15.535   679   698 I Matterweave: matterweave_explorer::destruction_check: phase=21 reset-cycle-16 reset_bodies=6 reset_welds=2 reset_colliders=23 reset_mesh_boxes=6 fractured_bodies=64 fractured_welds=0 fractured_colliders=81 fractured_mass_kg=24.000 fractured_mesh_boxes=64 retained_bytes=92160 simulated_steps=30
09-12 20:45:16.503   679   698 I Matterweave: matterweave_explorer::destruction_check: phase=21 reset-cycle-16 drawn=60 frames uploads=61 rebuilds=61 mesh_boxes=64 bodies=64 constraints=0 colliders=81
09-12 20:45:16.537   679   698 I Matterweave: matterweave_explorer::destruction_check: phase=22 reset-cycle-17 reset_bodies=6 reset_welds=2 reset_colliders=23 reset_mesh_boxes=6 fractured_bodies=64 fractured_welds=0 fractured_colliders=81 fractured_mass_kg=24.000 fractured_mesh_boxes=64 retained_bytes=92160 simulated_steps=30
09-12 20:45:17.496   679   698 I Matterweave: matterweave_explorer::destruction_check: phase=22 reset-cycle-17 drawn=60 frames uploads=61 rebuilds=61 mesh_boxes=64 bodies=64 constraints=0 colliders=81
09-12 20:45:17.530   679   698 I Matterweave: matterweave_explorer::destruction_check: phase=23 reset-cycle-18 reset_bodies=6 reset_welds=2 reset_colliders=23 reset_mesh_boxes=6 fractured_bodies=64 fractured_welds=0 fractured_colliders=81 fractured_mass_kg=24.000 fractured_mesh_boxes=64 retained_bytes=92160 simulated_steps=30
09-12 20:45:18.491   679   698 I Matterweave: matterweave_explorer::destruction_check: phase=23 reset-cycle-18 drawn=60 frames uploads=61 rebuilds=61 mesh_boxes=64 bodies=64 constraints=0 colliders=81
09-12 20:45:18.515   679   698 I Matterweave: matterweave_explorer::destruction_check: phase=24 reset-cycle-19 reset_bodies=6 reset_welds=2 reset_colliders=23 reset_mesh_boxes=6 fractured_bodies=64 fractured_welds=0 fractured_colliders=81 fractured_mass_kg=24.000 fractured_mesh_boxes=64 retained_bytes=92160 simulated_steps=30
09-12 20:45:19.486   679   698 I Matterweave: matterweave_explorer::destruction_check: phase=24 reset-cycle-19 drawn=60 frames uploads=61 rebuilds=61 mesh_boxes=64 bodies=64 constraints=0 colliders=81
09-12 20:45:19.489   679   698 I Matterweave: matterweave_explorer::destruction_check: final-reset bodies=6 welds=2 colliders=23 voxels=64 mesh_boxes=6
09-12 20:45:19.502   679   698 I Matterweave: matterweave_explorer::destruction_check: PASS destruction: source 6 bodies/64 voxels in 2 persistent welds rendered; fractured to exactly 64 unit pieces with finite conserved mass 24.000 kg and rendered while simulated; PhysicsSave JSON round trip reloaded 64 bodies and restored the 2-weld structure; 20 internal reset/load cycles each returned to 6 bodies/23 colliders/2 constraints and re-fractured to 64/81/0, with retained dynamic mesh bytes 92160 <= 137216 and no growth after the first cycle; total_presented=1501 uploads=1520 rebuilds=1519 internal_renderer_recreations=1 platform_suspends=1 platform_resumes=1 zero_extent=Retry
09-12 20:45:19.534   679   679 E Matterweave: android_activity::activity_impl::glue: Ignoring spurious JVM callback after last activity reference was dropped!
09-12 20:45:19.568   679   679 E Matterweave: android_activity::activity_impl::glue: Ignoring spurious JVM callback after last activity reference was dropped!
09-12 20:45:19.840   679   679 D VRI[NativeActivity]: visibilityChanged oldVisibility=true newVisibility=false
09-12 20:45:19.868   679   679 E Matterweave: android_activity::activity_impl::glue: Ignoring spurious JVM callback after last activity reference was dropped!
09-12 20:45:19.883   679   679 D ViewRootImpl: Skipping stats log for color mode
09-12 20:45:19.883   679   679 E Matterweave: android_activity::activity_impl::glue: Ignoring spurious JVM callback after last activity reference was dropped!
09-12 20:45:19.883   679   679 E Matterweave: android_activity::activity_impl::glue: Ignoring spurious JVM callback after last activity reference was dropped!
09-12 20:45:19.883   679   679 E Matterweave: android_activity::activity_impl::glue: Ignoring spurious JVM callback after last activity reference was dropped!
09-12 20:45:19.883   679   679 D WindowOnBackDispatcher: setTopOnBackInvokedCallback (unwrapped): null
09-12 20:45:26.327   679   686 W rweave.explorer: Cleared Reference was only reachable from finalizer (only reported once)
09-12 20:45:26.328   679   686 W rweave.explorer: userfaultfd: MOVE ioctl seems unsupported: Connection timed out
